Archive member included to satisfy reference by file (symbol)

/usr/local/gcc-arm-none-eabi-5_4-2016q3/bin/../lib/gcc/arm-none-eabi/5.4.1/../../../../arm-none-eabi/lib/armv6-m/libc_nano.a(lib_a-exit.o)
                              /usr/local/gcc-arm-none-eabi-5_4-2016q3/bin/../lib/gcc/arm-none-eabi/5.4.1/../../../../arm-none-eabi/lib/armv6-m/crt0.o (exit)
/usr/local/gcc-arm-none-eabi-5_4-2016q3/bin/../lib/gcc/arm-none-eabi/5.4.1/../../../../arm-none-eabi/lib/armv6-m/libc_nano.a(lib_a-impure.o)
                              /usr/local/gcc-arm-none-eabi-5_4-2016q3/bin/../lib/gcc/arm-none-eabi/5.4.1/../../../../arm-none-eabi/lib/armv6-m/libc_nano.a(lib_a-exit.o) (_global_impure_ptr)
/usr/local/gcc-arm-none-eabi-5_4-2016q3/bin/../lib/gcc/arm-none-eabi/5.4.1/../../../../arm-none-eabi/lib/armv6-m/libc_nano.a(lib_a-init.o)
                              /usr/local/gcc-arm-none-eabi-5_4-2016q3/bin/../lib/gcc/arm-none-eabi/5.4.1/../../../../arm-none-eabi/lib/armv6-m/crt0.o (__libc_init_array)
/usr/local/gcc-arm-none-eabi-5_4-2016q3/bin/../lib/gcc/arm-none-eabi/5.4.1/../../../../arm-none-eabi/lib/armv6-m/libc_nano.a(lib_a-memset.o)
                              /usr/local/gcc-arm-none-eabi-5_4-2016q3/bin/../lib/gcc/arm-none-eabi/5.4.1/../../../../arm-none-eabi/lib/armv6-m/crt0.o (memset)
/usr/local/gcc-arm-none-eabi-5_4-2016q3/bin/../lib/gcc/arm-none-eabi/5.4.1/../../../../arm-none-eabi/lib/armv6-m/libnosys.a(_exit.o)
                              /usr/local/gcc-arm-none-eabi-5_4-2016q3/bin/../lib/gcc/arm-none-eabi/5.4.1/../../../../arm-none-eabi/lib/armv6-m/libc_nano.a(lib_a-exit.o) (_exit)
/usr/local/gcc-arm-none-eabi-5_4-2016q3/bin/../lib/gcc/arm-none-eabi/5.4.1/armv6-m/libgcc.a(_udivsi3.o)
                              _build/NRF51822_XXAA_bsp.c.o (__aeabi_uidiv)
/usr/local/gcc-arm-none-eabi-5_4-2016q3/bin/../lib/gcc/arm-none-eabi/5.4.1/armv6-m/libgcc.a(_dvmd_tls.o)
                              /usr/local/gcc-arm-none-eabi-5_4-2016q3/bin/../lib/gcc/arm-none-eabi/5.4.1/armv6-m/libgcc.a(_udivsi3.o) (__aeabi_idiv0)
/usr/local/gcc-arm-none-eabi-5_4-2016q3/bin/../lib/gcc/arm-none-eabi/5.4.1/../../../../arm-none-eabi/lib/armv6-m/libc_nano.a(lib_a-memcpy-stub.o)
                              _build/NRF51822_XXAA_main.c.o (memcpy)
/usr/local/gcc-arm-none-eabi-5_4-2016q3/bin/../lib/gcc/arm-none-eabi/5.4.1/../../../../arm-none-eabi/lib/armv6-m/libc_nano.a(lib_a-strcpy.o)
                              _build/NRF51822_XXAA_SEGGER_RTT.c.o (strcpy)
/usr/local/gcc-arm-none-eabi-5_4-2016q3/bin/../lib/gcc/arm-none-eabi/5.4.1/../../../../arm-none-eabi/lib/armv6-m/libc_nano.a(lib_a-strlen.o)
                              _build/NRF51822_XXAA_main.c.o (strlen)

Allocating common symbols
Common symbol       size              file

nrf_nvic_state      0x8               _build/NRF51822_XXAA_app_util_platform.c.o
_SEGGER_RTT         0x78              _build/NRF51822_XXAA_SEGGER_RTT.c.o

Discarded input sections

 .text          0x0000000000000000        0x0 /usr/local/gcc-arm-none-eabi-5_4-2016q3/bin/../lib/gcc/arm-none-eabi/5.4.1/armv6-m/crti.o
 .data          0x0000000000000000        0x0 /usr/local/gcc-arm-none-eabi-5_4-2016q3/bin/../lib/gcc/arm-none-eabi/5.4.1/armv6-m/crti.o
 .bss           0x0000000000000000        0x0 /usr/local/gcc-arm-none-eabi-5_4-2016q3/bin/../lib/gcc/arm-none-eabi/5.4.1/armv6-m/crti.o
 .data          0x0000000000000000        0x4 /usr/local/gcc-arm-none-eabi-5_4-2016q3/bin/../lib/gcc/arm-none-eabi/5.4.1/armv6-m/crtbegin.o
 .data          0x0000000000000000        0x0 /usr/local/gcc-arm-none-eabi-5_4-2016q3/bin/../lib/gcc/arm-none-eabi/5.4.1/../../../../arm-none-eabi/lib/armv6-m/crt0.o
 .bss           0x0000000000000000        0x0 /usr/local/gcc-arm-none-eabi-5_4-2016q3/bin/../lib/gcc/arm-none-eabi/5.4.1/../../../../arm-none-eabi/lib/armv6-m/crt0.o
 .ARM.extab     0x0000000000000000        0x0 /usr/local/gcc-arm-none-eabi-5_4-2016q3/bin/../lib/gcc/arm-none-eabi/5.4.1/../../../../arm-none-eabi/lib/armv6-m/crt0.o
 .text          0x0000000000000000        0x0 /usr/local/gcc-arm-none-eabi-5_4-2016q3/bin/../lib/gcc/arm-none-eabi/5.4.1/../../../../arm-none-eabi/lib/armv6-m/libc_nano.a(lib_a-exit.o)
 .data          0x0000000000000000        0x0 /usr/local/gcc-arm-none-eabi-5_4-2016q3/bin/../lib/gcc/arm-none-eabi/5.4.1/../../../../arm-none-eabi/lib/armv6-m/libc_nano.a(lib_a-exit.o)
 .bss           0x0000000000000000        0x0 /usr/local/gcc-arm-none-eabi-5_4-2016q3/bin/../lib/gcc/arm-none-eabi/5.4.1/../../../../arm-none-eabi/lib/armv6-m/libc_nano.a(lib_a-exit.o)
 .text          0x0000000000000000        0x0 /usr/local/gcc-arm-none-eabi-5_4-2016q3/bin/../lib/gcc/arm-none-eabi/5.4.1/../../../../arm-none-eabi/lib/armv6-m/libc_nano.a(lib_a-impure.o)
 .data          0x0000000000000000        0x0 /usr/local/gcc-arm-none-eabi-5_4-2016q3/bin/../lib/gcc/arm-none-eabi/5.4.1/../../../../arm-none-eabi/lib/armv6-m/libc_nano.a(lib_a-impure.o)
[...]
Memory Configuration

Name             Origin             Length             Attributes
FLASH            0x000000000001b000 0x0000000000025000 xr
RAM              0x0000000020001fe8 0x0000000000006018 xrw
*default*        0x0000000000000000 0xffffffffffffffff

Linker script and memory map


.text           0x000000000001b000     0x2e88
 *(.isr_vector)
 .isr_vector    0x000000000001b000       0xc0 _build/NRF51822_XXAA_gcc_startup_nrf51.S.o
                0x000000000001b000                __isr_vector
 *(.text*)
 .text          0x000000000001b0c0       0x60 /usr/local/gcc-arm-none-eabi-5_4-2016q3/bin/../lib/gcc/arm-none-eabi/5.4.1/armv6-m/crtbegin.o
 .text          0x000000000001b120       0x78 /usr/local/gcc-arm-none-eabi-5_4-2016q3/bin/../lib/gcc/arm-none-eabi/5.4.1/../../../../arm-none-eabi/lib/armv6-m/crt0.o
                0x000000000001b120                _mainCRTStartup
                0x000000000001b120                _start
 .text.exit     0x000000000001b198       0x2c /usr/local/gcc-arm-none-eabi-5_4-2016q3/bin/../lib/gcc/arm-none-eabi/5.4.1/../../../../arm-none-eabi/lib/armv6-m/libc_nano.a(lib_a-exit.o)
                0x000000000001b198                exit
 .text.__libc_init_array
                0x000000000001b1c4       0x4c /usr/local/gcc-arm-none-eabi-5_4-2016q3/bin/../lib/gcc/arm-none-eabi/5.4.1/../../../../arm-none-eabi/lib/armv6-m/libc_nano.a(lib_a-init.o)
                0x000000000001b1c4                __libc_init_array
 .text.memset   0x000000000001b210       0x10 /usr/local/gcc-arm-none-eabi-5_4-2016q3/bin/../lib/gcc/arm-none-eabi/5.4.1/../../../../arm-none-eabi/lib/armv6-m/libc_nano.a(lib_a-memset.o)
                0x000000000001b210                memset
 .text._exit    0x000000000001b220        0x4 /usr/local/gcc-arm-none-eabi-5_4-2016q3/bin/../lib/gcc/arm-none-eabi/5.4.1/../../../../arm-none-eabi/lib/armv6-m/libnosys.a(_exit.o)
                0x000000000001b220                _exit
 .text.detection_delay_timeout_handler
                0x000000000001b224       0xa0 _build/NRF51822_XXAA_app_button.c.o
 .text.gpiote_event_handler
                0x000000000001b2c4       0x5c _build/NRF51822_XXAA_app_button.c.o
 .text.app_button_init
                0x000000000001b320       0xb4 _build/NRF51822_XXAA_app_button.c.o
                0x000000000001b320                app_button_init
 .text.app_button_enable
                0x000000000001b3d4       0x30 _build/NRF51822_XXAA_app_button.c.o
                0x000000000001b3d4                app_button_enable
 .text.app_button_disable
                0x000000000001b404       0x34 _build/NRF51822_XXAA_app_button.c.o
                0x000000000001b404                app_button_disable
 .text.app_error_handler_bare
                0x000000000001b438       0x20 _build/NRF51822_XXAA_app_error.c.o
                0x000000000001b438                app_error_handler_bare
 .text.app_error_fault_handler
                0x000000000001b458       0x1c _build/NRF51822_XXAA_app_error_weak.c.o
                0x000000000001b458                app_error_fault_handler
 .text.RTC1_IRQHandler
                0x000000000001b474       0xdc _build/NRF51822_XXAA_app_timer.c.o
                0x000000000001b474                RTC1_IRQHandler
 .text.SWI0_IRQHandler
                0x000000000001b550      0x500 _build/NRF51822_XXAA_app_timer.c.o
                0x000000000001b550                SWI0_IRQHandler
 .text.app_timer_init
                0x000000000001ba50      0x130 _build/NRF51822_XXAA_app_timer.c.o
                0x000000000001ba50                app_timer_init
 .text.app_timer_create
                0x000000000001bb80       0x34 _build/NRF51822_XXAA_app_timer.c.o
                0x000000000001bb80                app_timer_create
 .text.app_timer_start
                0x000000000001bbb4       0xc0 _build/NRF51822_XXAA_app_timer.c.o
                0x000000000001bbb4                app_timer_start
 .text.app_timer_stop
                0x000000000001bc74       0x84 _build/NRF51822_XXAA_app_timer.c.o
                0x000000000001bc74                app_timer_stop
 .text.app_util_critical_region_enter
                0x000000000001bcf8       0x40 _build/NRF51822_XXAA_app_util_platform.c.o
                0x000000000001bcf8                app_util_critical_region_enter
 .text.app_util_critical_region_exit
                0x000000000001bd38       0x2c _build/NRF51822_XXAA_app_util_platform.c.o
                0x000000000001bd38                app_util_critical_region_exit
 .text.bsp_board_led_on
                0x000000000001bd64       0x1c _build/NRF51822_XXAA_boards.c.o
                0x000000000001bd64                bsp_board_led_on
 .text.bsp_board_led_off
                0x000000000001bd80       0x18 _build/NRF51822_XXAA_boards.c.o
                0x000000000001bd80                bsp_board_led_off
 .text.bsp_board_leds_init
                0x000000000001bd98       0x3c _build/NRF51822_XXAA_boards.c.o
                0x000000000001bd98                bsp_board_leds_init
 .text.POWER_CLOCK_IRQHandler
                0x000000000001bdd4       0x78 _build/NRF51822_XXAA_nrf_drv_clock.c.o
                0x000000000001bdd4                POWER_CLOCK_IRQHandler
 .text.nrf_drv_clock_on_soc_event
                0x000000000001be4c       0x24 _build/NRF51822_XXAA_nrf_drv_clock.c.o
                0x000000000001be4c                nrf_drv_clock_on_soc_event
 .text.nrf_drv_clock_on_sd_enable
                0x000000000001be70       0x68 _build/NRF51822_XXAA_nrf_drv_clock.c.o
                0x000000000001be70                nrf_drv_clock_on_sd_enable
 .text.nrf_drv_common_irq_enable
                0x000000000001bed8       0x7c _build/NRF51822_XXAA_nrf_drv_common.c.o
                0x000000000001bed8                nrf_drv_common_irq_enable
 .text.nrf_drv_gpiote_init
                0x000000000001bf54       0x74 _build/NRF51822_XXAA_nrf_drv_gpiote.c.o
                0x000000000001bf54                nrf_drv_gpiote_init
 .text.nrf_drv_gpiote_is_init
                0x000000000001bfc8       0x14 _build/NRF51822_XXAA_nrf_drv_gpiote.c.o
                0x000000000001bfc8                nrf_drv_gpiote_is_init
 .text.nrf_drv_gpiote_in_init
                0x000000000001bfdc      0x15c _build/NRF51822_XXAA_nrf_drv_gpiote.c.o
                0x000000000001bfdc                nrf_drv_gpiote_in_init
 .text.nrf_drv_gpiote_in_event_enable
                0x000000000001c138       0xa8 _build/NRF51822_XXAA_nrf_drv_gpiote.c.o
                0x000000000001c138                nrf_drv_gpiote_in_event_enable
 .text.nrf_drv_gpiote_in_event_disable
                0x000000000001c1e0       0x60 _build/NRF51822_XXAA_nrf_drv_gpiote.c.o
                0x000000000001c1e0                nrf_drv_gpiote_in_event_disable
 .text.nrf_drv_gpiote_in_is_set
                0x000000000001c240       0x14 _build/NRF51822_XXAA_nrf_drv_gpiote.c.o
                0x000000000001c240                nrf_drv_gpiote_in_is_set
 .text.GPIOTE_IRQHandler
                0x000000000001c254      0x4dc _build/NRF51822_XXAA_nrf_drv_gpiote.c.o
                0x000000000001c254                GPIOTE_IRQHandler
 .text.UART0_IRQHandler
                0x000000000001c730      0x198 _build/NRF51822_XXAA_nrf_drv_uart.c.o
                0x000000000001c730                UART0_IRQHandler
 .text.sd_ble_gap_adv_start
                0x000000000001c8c8        0x4 _build/NRF51822_XXAA_main.c.o
 .text.sd_ble_gap_disconnect
                0x000000000001c8cc        0x4 _build/NRF51822_XXAA_main.c.o
 .text.sd_ble_gap_ppcp_set
                0x000000000001c8d0        0x4 _build/NRF51822_XXAA_main.c.o
 .text.sd_ble_gap_device_name_set
                0x000000000001c8d4        0x4 _build/NRF51822_XXAA_main.c.o
 .text.sd_ble_gap_sec_params_reply
                0x000000000001c8d8        0x4 _build/NRF51822_XXAA_main.c.o
 .text.sd_ble_gatts_rw_authorize_reply
                0x000000000001c8dc        0x4 _build/NRF51822_XXAA_main.c.o
 .text.sd_ble_gatts_sys_attr_set
                0x000000000001c8e0        0x4 _build/NRF51822_XXAA_main.c.o
 .text.sd_ble_user_mem_reply
                0x000000000001c8e4        0x4 _build/NRF51822_XXAA_main.c.o
 .text.sd_app_evt_wait
                0x000000000001c8e8        0x4 _build/NRF51822_XXAA_main.c.o
 .text.conn_params_error_handler
                0x000000000001c8ec        0x8 _build/NRF51822_XXAA_main.c.o
 .text.led_write_handler
                0x000000000001c8f4       0x14 _build/NRF51822_XXAA_main.c.o
 .text.on_conn_params_evt
                0x000000000001c908       0x24 _build/NRF51822_XXAA_main.c.o
 .text.button_event_handler
                0x000000000001c92c       0x28 _build/NRF51822_XXAA_main.c.o
 .text.ble_evt_dispatch
                0x000000000001c954      0x12c _build/NRF51822_XXAA_main.c.o
 .text.startup.main
                0x000000000001ca80      0x1cc _build/NRF51822_XXAA_main.c.o
                0x000000000001ca80                main
 .text.sd_ble_gap_address_get
                0x000000000001cc4c        0x4 _build/NRF51822_XXAA_ble_advdata.c.o
 .text.sd_ble_gap_adv_data_set
                0x000000000001cc50        0x4 _build/NRF51822_XXAA_ble_advdata.c.o
 .text.sd_ble_gap_appearance_get
                0x000000000001cc54        0x4 _build/NRF51822_XXAA_ble_advdata.c.o
 .text.sd_ble_gap_device_name_get
                0x000000000001cc58        0x4 _build/NRF51822_XXAA_ble_advdata.c.o
 .text.sd_ble_uuid_encode
                0x000000000001cc5c        0x4 _build/NRF51822_XXAA_ble_advdata.c.o
 .text.uuid_list_sized_encode
                0x000000000001cc60       0xf8 _build/NRF51822_XXAA_ble_advdata.c.o
 .text.adv_data_encode
                0x000000000001cd58      0x428 _build/NRF51822_XXAA_ble_advdata.c.o
                0x000000000001cd58                adv_data_encode
 .text.ble_advdata_set
                0x000000000001d180      0x488 _build/NRF51822_XXAA_ble_advdata.c.o
                0x000000000001d180                ble_advdata_set
 .text.sd_ble_gap_conn_param_update
                0x000000000001d608        0x4 _build/NRF51822_XXAA_ble_conn_params.c.o
 .text.sd_ble_gap_disconnect
                0x000000000001d60c        0x4 _build/NRF51822_XXAA_ble_conn_params.c.o
 .text.sd_ble_gap_ppcp_set
                0x000000000001d610        0x4 _build/NRF51822_XXAA_ble_conn_params.c.o
 .text.sd_ble_gap_ppcp_get
                0x000000000001d614        0x4 _build/NRF51822_XXAA_ble_conn_params.c.o
 .text.update_timeout_handler
                0x000000000001d618       0x78 _build/NRF51822_XXAA_ble_conn_params.c.o
 .text.conn_params_negotiation
                0x000000000001d690       0x88 _build/NRF51822_XXAA_ble_conn_params.c.o
 .text.ble_conn_params_init
                0x000000000001d718       0x78 _build/NRF51822_XXAA_ble_conn_params.c.o
                0x000000000001d718                ble_conn_params_init
 .text.ble_conn_params_on_ble_evt
                0x000000000001d790       0xa8 _build/NRF51822_XXAA_ble_conn_params.c.o
                0x000000000001d790                ble_conn_params_on_ble_evt
 .text.ble_srv_is_notification_enabled
                0x000000000001d838        0x8 _build/NRF51822_XXAA_ble_srv_common.c.o
                0x000000000001d838                ble_srv_is_notification_enabled
 .text          0x000000000001d840       0x4c _build/NRF51822_XXAA_gcc_startup_nrf51.S.o
                0x000000000001d840                Reset_Handler
                0x000000000001d880                NMI_Handler
                0x000000000001d882                HardFault_Handler
                0x000000000001d884                SVC_Handler
                0x000000000001d886                PendSV_Handler
                0x000000000001d888                SysTick_Handler
                0x000000000001d88a                TEMP_IRQHandler
                0x000000000001d88a                QDEC_IRQHandler
                0x000000000001d88a                SWI5_IRQHandler
                0x000000000001d88a                TIMER0_IRQHandler
                0x000000000001d88a                TIMER1_IRQHandler
                0x000000000001d88a                ECB_IRQHandler
                0x000000000001d88a                Default_Handler
                0x000000000001d88a                ADC_IRQHandler
                0x000000000001d88a                SWI3_IRQHandler
                0x000000000001d88a                CCM_AAR_IRQHandler
                0x000000000001d88a                WDT_IRQHandler
                0x000000000001d88a                RNG_IRQHandler
                0x000000000001d88a                SPI1_TWI1_IRQHandler
                0x000000000001d88a                TIMER2_IRQHandler
                0x000000000001d88a                SWI1_IRQHandler
                0x000000000001d88a                SPI0_TWI0_IRQHandler
                0x000000000001d88a                RTC0_IRQHandler
                0x000000000001d88a                RADIO_IRQHandler
                0x000000000001d88a                LPCOMP_IRQHandler
                0x000000000001d88a                SWI4_IRQHandler
 .text.SystemInit
                0x000000000001d88c       0xe4 _build/NRF51822_XXAA_system_nrf51.c.o
                0x000000000001d88c                SystemInit
 .text.sd_ble_gatts_service_add
                0x000000000001d970        0x4 _build/NRF51822_XXAA_ble_lbs.c.o
 .text.sd_ble_gatts_characteristic_add
                0x000000000001d974        0x4 _build/NRF51822_XXAA_ble_lbs.c.o
 .text.sd_ble_gatts_hvx
                0x000000000001d978        0x4 _build/NRF51822_XXAA_ble_lbs.c.o
 .text.sd_ble_uuid_vs_add
                0x000000000001d97c        0x4 _build/NRF51822_XXAA_ble_lbs.c.o
 .text.ble_lbs_on_ble_evt
                0x000000000001d980       0x3c _build/NRF51822_XXAA_ble_lbs.c.o
                0x000000000001d980                ble_lbs_on_ble_evt
 .text.ble_lbs_init
                0x000000000001d9bc      0x208 _build/NRF51822_XXAA_ble_lbs.c.o
                0x000000000001d9bc                ble_lbs_init
 .text.ble_lbs_on_button_change
                0x000000000001dbc4       0x38 _build/NRF51822_XXAA_ble_lbs.c.o
                0x000000000001dbc4                ble_lbs_on_button_change
 .text.sd_evt_get
                0x000000000001dbfc        0x4 _build/NRF51822_XXAA_softdevice_handler.c.o
 .text.sd_softdevice_enable
                0x000000000001dc00        0x4 _build/NRF51822_XXAA_softdevice_handler.c.o
 .text.sd_ble_enable
                0x000000000001dc04        0x4 _build/NRF51822_XXAA_softdevice_handler.c.o
 .text.sd_ble_evt_get
                0x000000000001dc08        0x4 _build/NRF51822_XXAA_softdevice_handler.c.o
 .text.softdevice_fault_handler
                0x000000000001dc0c        0x8 _build/NRF51822_XXAA_softdevice_handler.c.o
                0x000000000001dc0c                softdevice_fault_handler
 .text.intern_softdevice_events_execute.part.1
                0x000000000001dc14       0xcc _build/NRF51822_XXAA_softdevice_handler.c.o
 .text.softdevice_handler_is_enabled
                0x000000000001dce0        0xc _build/NRF51822_XXAA_softdevice_handler.c.o
                0x000000000001dce0                softdevice_handler_is_enabled
 .text.softdevice_handler_init
                0x000000000001dcec       0xa0 _build/NRF51822_XXAA_softdevice_handler.c.o
                0x000000000001dcec                softdevice_handler_init
 .text.softdevice_ble_evt_handler_set
                0x000000000001dd8c       0x14 _build/NRF51822_XXAA_softdevice_handler.c.o
                0x000000000001dd8c                softdevice_ble_evt_handler_set
 .text.SWI2_IRQHandler
                0x000000000001dda0       0x30 _build/NRF51822_XXAA_softdevice_handler.c.o
                0x000000000001dda0                SWI2_IRQHandler
 .text.softdevice_enable_get_default_config
                0x000000000001ddd0       0x30 _build/NRF51822_XXAA_softdevice_handler.c.o
                0x000000000001ddd0                softdevice_enable_get_default_config
 .text.softdevice_enable
                0x000000000001de00       0x1c _build/NRF51822_XXAA_softdevice_handler.c.o
                0x000000000001de00                softdevice_enable
 .text.memcpy   0x000000000001de1c       0x12 /usr/local/gcc-arm-none-eabi-5_4-2016q3/bin/../lib/gcc/arm-none-eabi/5.4.1/../../../../arm-none-eabi/lib/armv6-m/libc_nano.a(lib_a-memcpy-stub.o)
                0x000000000001de1c                memcpy
 .text          0x000000000001de2e        0xe /usr/local/gcc-arm-none-eabi-5_4-2016q3/bin/../lib/gcc/arm-none-eabi/5.4.1/../../../../arm-none-eabi/lib/armv6-m/libc_nano.a(lib_a-strlen.o)
                0x000000000001de2e                strlen
 *(.init)
 .init          0x000000000001de3c        0x4 /usr/local/gcc-arm-none-eabi-5_4-2016q3/bin/../lib/gcc/arm-none-eabi/5.4.1/armv6-m/crti.o
                0x000000000001de3c                _init
 .init          0x000000000001de40        0x8 /usr/local/gcc-arm-none-eabi-5_4-2016q3/bin/../lib/gcc/arm-none-eabi/5.4.1/armv6-m/crtn.o
 *(.fini)
 .fini          0x000000000001de48        0x4 /usr/local/gcc-arm-none-eabi-5_4-2016q3/bin/../lib/gcc/arm-none-eabi/5.4.1/armv6-m/crti.o
                0x000000000001de48                _fini
 .fini          0x000000000001de4c        0x8 /usr/local/gcc-arm-none-eabi-5_4-2016q3/bin/../lib/gcc/arm-none-eabi/5.4.1/armv6-m/crtn.o
 *crtbegin.o(.ctors)
 *crtbegin?.o(.ctors)
 *(EXCLUDE_FILE(*crtend.o *crtend?.o) .ctors)
 *(SORT(.ctors.*))
 *(.ctors)
 *crtbegin.o(.dtors)
 *crtbegin?.o(.dtors)
 *(EXCLUDE_FILE(*crtend.o *crtend?.o) .dtors)
 *(SORT(.dtors.*))
 *(.dtors)
 *(.rodata*)
 .rodata._global_impure_ptr
                0x000000000001de54        0x4 /usr/local/gcc-arm-none-eabi-5_4-2016q3/bin/../lib/gcc/arm-none-eabi/5.4.1/../../../../arm-none-eabi/lib/armv6-m/libc_nano.a(lib_a-impure.o)
                0x000000000001de54                _global_impure_ptr
 .rodata.m_detection_delay_timer_id
                0x000000000001de58        0x4 _build/NRF51822_XXAA_app_button.c.o
 .rodata.m_board_led_list
                0x000000000001de5c        0x4 _build/NRF51822_XXAA_boards.c.o
 .rodata        0x000000000001de60        0x4 _build/NRF51822_XXAA_main.c.o
 .rodata.str1.4
                0x000000000001de64        0xc _build/NRF51822_XXAA_main.c.o
                                          0x9 (size before relaxing)
 .rodata.m_conn_params_timer_id
                0x000000000001de70        0x4 _build/NRF51822_XXAA_ble_conn_params.c.o
 .rodata        0x000000000001de74       0x10 _build/NRF51822_XXAA_ble_lbs.c.o
 *(.eh_frame*)
 .eh_frame      0x000000000001de84        0x0 /usr/local/gcc-arm-none-eabi-5_4-2016q3/bin/../lib/gcc/arm-none-eabi/5.4.1/armv6-m/crtbegin.o
 .eh_frame      0x000000000001de84        0x4 /usr/local/gcc-arm-none-eabi-5_4-2016q3/bin/../lib/gcc/arm-none-eabi/5.4.1/armv6-m/crtend.o

.glue_7         0x000000000001de88        0x0
 .glue_7        0x000000000001de88        0x0 linker stubs

.glue_7t        0x000000000001de88        0x0
 .glue_7t       0x000000000001de88        0x0 linker stubs

.vfp11_veneer   0x000000000001de88        0x0
 .vfp11_veneer  0x000000000001de88        0x0 linker stubs

.v4_bx          0x000000000001de88        0x0
 .v4_bx         0x000000000001de88        0x0 linker stubs

.iplt           0x000000000001de88        0x0
 .iplt          0x000000000001de88        0x0 /usr/local/gcc-arm-none-eabi-5_4-2016q3/bin/../lib/gcc/arm-none-eabi/5.4.1/armv6-m/crtbegin.o

.ARM.extab
 *(.ARM.extab* .gnu.linkonce.armextab.*)
                0x000000000001de88                __exidx_start = .

.ARM.exidx      0x000000000001de88        0x8
 *(.ARM.exidx* .gnu.linkonce.armexidx.*)
 .ARM.exidx     0x000000000001de88        0x8 /usr/local/gcc-arm-none-eabi-5_4-2016q3/bin/../lib/gcc/arm-none-eabi/5.4.1/../../../../arm-none-eabi/lib/armv6-m/crt0.o
                0x000000000001de90                __exidx_end = .
                0x000000000001de90                __etext = .

.rel.dyn        0x000000000001de90        0x0
 .rel.iplt      0x000000000001de90        0x0 /usr/local/gcc-arm-none-eabi-5_4-2016q3/bin/../lib/gcc/arm-none-eabi/5.4.1/armv6-m/crtbegin.o

.data           0x0000000020001fe8       0x7c load address 0x000000000001de90
                0x0000000020001fe8                __data_start__ = .
 *(vtable)
 *(.data*)
 .data.impure_data
                0x0000000020001fe8       0x60 /usr/local/gcc-arm-none-eabi-5_4-2016q3/bin/../lib/gcc/arm-none-eabi/5.4.1/../../../../arm-none-eabi/lib/armv6-m/libc_nano.a(lib_a-impure.o)
 .data.buttons.7965
                0x0000000020002048        0x8 _build/NRF51822_XXAA_main.c.o
 .data.m_conn_handle
                0x0000000020002050        0x2 _build/NRF51822_XXAA_main.c.o
 *fill*         0x0000000020002052        0x2 
 .data.SystemCoreClock
                0x0000000020002054        0x4 _build/NRF51822_XXAA_system_nrf51.c.o
                0x0000000020002054                SystemCoreClock
                0x0000000020002058                . = ALIGN (0x4)
                0x0000000020002058                PROVIDE (__preinit_array_start, .)
 *(.preinit_array)
                0x0000000020002058                PROVIDE (__preinit_array_end, .)
                0x0000000020002058                . = ALIGN (0x4)
                0x0000000020002058                PROVIDE (__init_array_start, .)
 *(SORT(.init_array.*))
 *(.init_array)
 .init_array    0x0000000020002058        0x4 /usr/local/gcc-arm-none-eabi-5_4-2016q3/bin/../lib/gcc/arm-none-eabi/5.4.1/armv6-m/crtbegin.o
                0x000000002000205c                PROVIDE (__init_array_end, .)
                0x000000002000205c                . = ALIGN (0x4)
                [!provide]                        PROVIDE (__fini_array_start, .)
 *(SORT(.fini_array.*))
 *(.fini_array)
 .fini_array    0x000000002000205c        0x4 /usr/local/gcc-arm-none-eabi-5_4-2016q3/bin/../lib/gcc/arm-none-eabi/5.4.1/armv6-m/crtbegin.o
                [!provide]                        PROVIDE (__fini_array_end, .)
 *(.jcr*)
 .jcr           0x0000000020002060        0x0 /usr/local/gcc-arm-none-eabi-5_4-2016q3/bin/../lib/gcc/arm-none-eabi/5.4.1/armv6-m/crtbegin.o
 .jcr           0x0000000020002060        0x4 /usr/local/gcc-arm-none-eabi-5_4-2016q3/bin/../lib/gcc/arm-none-eabi/5.4.1/armv6-m/crtend.o
                0x0000000020002064                . = ALIGN (0x4)
                0x0000000020002064                __data_end__ = .
LOAD /usr/local/gcc-arm-none-eabi-5_4-2016q3/bin/../lib/gcc/arm-none-eabi/5.4.1/armv6-m/crti.o
LOAD /usr/local/gcc-arm-none-eabi-5_4-2016q3/bin/../lib/gcc/arm-none-eabi/5.4.1/armv6-m/crtbegin.o
LOAD /usr/local/gcc-arm-none-eabi-5_4-2016q3/bin/../lib/gcc/arm-none-eabi/5.4.1/../../../../arm-none-eabi/lib/armv6-m/crt0.o
LOAD /usr/local/gcc-arm-none-eabi-5_4-2016q3/bin/../lib/gcc/arm-none-eabi/5.4.1/../../../../arm-none-eabi/lib/armv6-m/libc_nano.a
LOAD /usr/local/gcc-arm-none-eabi-5_4-2016q3/bin/../lib/gcc/arm-none-eabi/5.4.1/../../../../arm-none-eabi/lib/armv6-m/libnosys.a
LOAD _build/NRF51822_XXAA_nrf_log_backend_serial.c.o
LOAD _build/NRF51822_XXAA_nrf_log_frontend.c.o
LOAD _build/NRF51822_XXAA_app_button.c.o
LOAD _build/NRF51822_XXAA_app_error.c.o
LOAD _build/NRF51822_XXAA_app_error_weak.c.o
LOAD _build/NRF51822_XXAA_app_timer.c.o
LOAD _build/NRF51822_XXAA_app_util_platform.c.o
LOAD _build/NRF51822_XXAA_hardfault_implementation.c.o
LOAD _build/NRF51822_XXAA_nrf_assert.c.o
LOAD _build/NRF51822_XXAA_sdk_errors.c.o
LOAD _build/NRF51822_XXAA_boards.c.o
LOAD _build/NRF51822_XXAA_nrf_drv_clock.c.o
LOAD _build/NRF51822_XXAA_nrf_drv_common.c.o
LOAD _build/NRF51822_XXAA_nrf_drv_gpiote.c.o
LOAD _build/NRF51822_XXAA_nrf_drv_uart.c.o
LOAD _build/NRF51822_XXAA_bsp.c.o
LOAD _build/NRF51822_XXAA_bsp_nfc.c.o
LOAD _build/NRF51822_XXAA_main.c.o
LOAD _build/NRF51822_XXAA_RTT_Syscalls_GCC.c.o
LOAD _build/NRF51822_XXAA_SEGGER_RTT.c.o
LOAD _build/NRF51822_XXAA_SEGGER_RTT_printf.c.o
LOAD _build/NRF51822_XXAA_ble_advdata.c.o
LOAD _build/NRF51822_XXAA_ble_conn_params.c.o
LOAD _build/NRF51822_XXAA_ble_srv_common.c.o
LOAD _build/NRF51822_XXAA_gcc_startup_nrf51.S.o
LOAD _build/NRF51822_XXAA_system_nrf51.c.o
LOAD _build/NRF51822_XXAA_ble_lbs.c.o
LOAD _build/NRF51822_XXAA_softdevice_handler.c.o
LOAD /usr/local/gcc-arm-none-eabi-5_4-2016q3/bin/../lib/gcc/arm-none-eabi/5.4.1/../../../../arm-none-eabi/lib/armv6-m/libm.a
START GROUP
LOAD /usr/local/gcc-arm-none-eabi-5_4-2016q3/bin/../lib/gcc/arm-none-eabi/5.4.1/armv6-m/libgcc.a
LOAD /usr/local/gcc-arm-none-eabi-5_4-2016q3/bin/../lib/gcc/arm-none-eabi/5.4.1/../../../../arm-none-eabi/lib/armv6-m/libc_nano.a
END GROUP
START GROUP
LOAD /usr/local/gcc-arm-none-eabi-5_4-2016q3/bin/../lib/gcc/arm-none-eabi/5.4.1/armv6-m/libgcc.a
LOAD /usr/local/gcc-arm-none-eabi-5_4-2016q3/bin/../lib/gcc/arm-none-eabi/5.4.1/../../../../arm-none-eabi/lib/armv6-m/libc_nano.a
END GROUP
LOAD /usr/local/gcc-arm-none-eabi-5_4-2016q3/bin/../lib/gcc/arm-none-eabi/5.4.1/armv6-m/crtend.o
LOAD /usr/local/gcc-arm-none-eabi-5_4-2016q3/bin/../lib/gcc/arm-none-eabi/5.4.1/armv6-m/crtn.o
START GROUP
LOAD /usr/local/gcc-arm-none-eabi-5_4-2016q3/bin/../lib/gcc/arm-none-eabi/5.4.1/armv6-m/libgcc.a
LOAD /usr/local/gcc-arm-none-eabi-5_4-2016q3/bin/../lib/gcc/arm-none-eabi/5.4.1/../../../../arm-none-eabi/lib/armv6-m/libc.a
LOAD /usr/local/gcc-arm-none-eabi-5_4-2016q3/bin/../lib/gcc/arm-none-eabi/5.4.1/../../../../arm-none-eabi/lib/armv6-m/libnosys.a
END GROUP

.igot.plt       0x0000000020002064        0x0 load address 0x000000000001df0c
 .igot.plt      0x0000000020002064        0x0 /usr/local/gcc-arm-none-eabi-5_4-2016q3/bin/../lib/gcc/arm-none-eabi/5.4.1/armv6-m/crtbegin.o

.fs_data        0x0000000020002064        0x0
                [!provide]                        PROVIDE (__start_fs_data, .)
 *(.fs_data)
                [!provide]                        PROVIDE (__stop_fs_data, .)

.pwr_mgmt_data  0x0000000020002064        0x0
                [!provide]                        PROVIDE (__start_pwr_mgmt_data, .)
 *(.pwr_mgmt_data)
                [!provide]                        PROVIDE (__stop_pwr_mgmt_data, .)

.bss            0x0000000020002064      0x23c load address 0x000000000001df0c
                0x0000000020002064                . = ALIGN (0x4)
                0x0000000020002064                __bss_start__ = .
 *(.bss*)
 .bss           0x0000000020002064       0x1c /usr/local/gcc-arm-none-eabi-5_4-2016q3/bin/../lib/gcc/arm-none-eabi/5.4.1/armv6-m/crtbegin.o
 .bss.m_detection_delay
                0x0000000020002080        0x4 _build/NRF51822_XXAA_app_button.c.o
 .bss.mp_buttons
                0x0000000020002084        0x4 _build/NRF51822_XXAA_app_button.c.o
 .bss.m_button_count
                0x0000000020002088        0x1 _build/NRF51822_XXAA_app_button.c.o
 *fill*         0x0000000020002089        0x3 
 .bss.m_detection_delay_timer_id_data
                0x000000002000208c       0x20 _build/NRF51822_XXAA_app_button.c.o
 .bss.m_pin_state
                0x00000000200020ac        0x4 _build/NRF51822_XXAA_app_button.c.o
 .bss.m_pin_transition
                0x00000000200020b0        0x4 _build/NRF51822_XXAA_app_button.c.o
 .bss.m_ticks_latest
                0x00000000200020b4        0x4 _build/NRF51822_XXAA_app_timer.c.o
 .bss.mp_timer_id_head
                0x00000000200020b8        0x4 _build/NRF51822_XXAA_app_timer.c.o
 .bss.m_evt_schedule_func
                0x00000000200020bc        0x4 _build/NRF51822_XXAA_app_timer.c.o
 .bss.m_ticks_elapsed_q_read_ind
                0x00000000200020c0        0x1 _build/NRF51822_XXAA_app_timer.c.o
 .bss.m_ticks_elapsed_q_write_ind
                0x00000000200020c1        0x1 _build/NRF51822_XXAA_app_timer.c.o
 .bss.m_rtc1_reset
                0x00000000200020c2        0x1 _build/NRF51822_XXAA_app_timer.c.o
 *fill*         0x00000000200020c3        0x1 
 .bss.m_op_queue
                0x00000000200020c4        0x8 _build/NRF51822_XXAA_app_timer.c.o
 .bss.m_ticks_elapsed
                0x00000000200020cc        0x8 _build/NRF51822_XXAA_app_timer.c.o
 .bss.m_rtc1_running
                0x00000000200020d4        0x1 _build/NRF51822_XXAA_app_timer.c.o
 *fill*         0x00000000200020d5        0x3 
 .bss.m_clock_cb
                0x00000000200020d8       0x14 _build/NRF51822_XXAA_nrf_drv_clock.c.o
 .bss.m_cb      0x00000000200020ec       0x48 _build/NRF51822_XXAA_nrf_drv_gpiote.c.o
 .bss.m_cb      0x0000000020002134       0x1c _build/NRF51822_XXAA_nrf_drv_uart.c.o
 .bss.m_lbs     0x0000000020002150       0x1c _build/NRF51822_XXAA_main.c.o
 .bss.BLE_EVT_BUFFER.7945
                0x000000002000216c       0x48 _build/NRF51822_XXAA_main.c.o
 .bss.APP_TIMER_BUF.7864
                0x00000000200021b4       0x78 _build/NRF51822_XXAA_main.c.o
 .bss.m_change_param
                0x000000002000222c        0x1 _build/NRF51822_XXAA_ble_conn_params.c.o
 *fill*         0x000000002000222d        0x3 
 .bss.m_current_conn_params
                0x0000000020002230        0x8 _build/NRF51822_XXAA_ble_conn_params.c.o
 .bss.m_update_count
                0x0000000020002238        0x1 _build/NRF51822_XXAA_ble_conn_params.c.o
 *fill*         0x0000000020002239        0x3 
 .bss.m_conn_params_config
                0x000000002000223c       0x1c _build/NRF51822_XXAA_ble_conn_params.c.o
 .bss.m_conn_params_timer_id_data
                0x0000000020002258       0x20 _build/NRF51822_XXAA_ble_conn_params.c.o
 .bss.m_conn_handle
                0x0000000020002278        0x2 _build/NRF51822_XXAA_ble_conn_params.c.o
 *fill*         0x000000002000227a        0x2 
 .bss.m_preferred_conn_params
                0x000000002000227c        0x8 _build/NRF51822_XXAA_ble_conn_params.c.o
 .bss.m_suspended
                0x0000000020002284        0x1 _build/NRF51822_XXAA_softdevice_handler.c.o
 .bss.m_softdevice_enabled
                0x0000000020002285        0x1 _build/NRF51822_XXAA_softdevice_handler.c.o
 .bss.m_ble_evt_buffer_size
                0x0000000020002286        0x2 _build/NRF51822_XXAA_softdevice_handler.c.o
 .bss.mp_ble_evt_buffer
                0x0000000020002288        0x4 _build/NRF51822_XXAA_softdevice_handler.c.o
 .bss.m_sys_evt_handler
                0x000000002000228c        0x4 _build/NRF51822_XXAA_softdevice_handler.c.o
 .bss.m_ble_evt_handler
                0x0000000020002290        0x4 _build/NRF51822_XXAA_softdevice_handler.c.o
 .bss.m_evt_schedule_func
                0x0000000020002294        0x4 _build/NRF51822_XXAA_softdevice_handler.c.o
 *(COMMON)
 COMMON         0x0000000020002298        0x8 _build/NRF51822_XXAA_app_util_platform.c.o
                0x0000000020002298                nrf_nvic_state
                0x00000000200022a0                . = ALIGN (0x4)
                0x00000000200022a0                __bss_end__ = .

.heap           0x00000000200022a0      0x800
                0x00000000200022a0                __HeapBase = .
                0x00000000200022a0                __end__ = .
                [!provide]                        PROVIDE (end, .)
 *(.heap*)
 .heap          0x00000000200022a0      0x800 _build/NRF51822_XXAA_gcc_startup_nrf51.S.o
                0x0000000020002aa0                __HeapLimit = .

.stack_dummy    0x00000000200022a0      0x800
 *(.stack*)
 .stack         0x00000000200022a0      0x800 _build/NRF51822_XXAA_gcc_startup_nrf51.S.o
                0x0000000020008000                __StackTop = (ORIGIN (RAM) + LENGTH (RAM))
                0x0000000020007800                __StackLimit = (__StackTop - SIZEOF (.stack_dummy))
                0x0000000020008000                PROVIDE (__stack, __StackTop)
                0x0000000000000001                ASSERT ((__StackLimit >= __HeapLimit), region RAM overflowed with stack)
OUTPUT(_build/NRF51822_XXAA.out elf32-littlearm)

.ARM.attributes
                0x0000000000000000       0x28
 .ARM.attributes
                0x0000000000000000       0x1e /usr/local/gcc-arm-none-eabi-5_4-2016q3/bin/../lib/gcc/arm-none-eabi/5.4.1/armv6-m/crti.o
 .ARM.attributes
                0x000000000000001e       0x2c /usr/local/gcc-arm-none-eabi-5_4-2016q3/bin/../lib/gcc/arm-none-eabi/5.4.1/armv6-m/crtbegin.o
 .ARM.attributes
                0x000000000000004a       0x1b /usr/local/gcc-arm-none-eabi-5_4-2016q3/bin/../lib/gcc/arm-none-eabi/5.4.1/../../../../arm-none-eabi/lib/armv6-m/crt0.o
 .ARM.attributes
                0x0000000000000065       0x2c /usr/local/gcc-arm-none-eabi-5_4-2016q3/bin/../lib/gcc/arm-none-eabi/5.4.1/../../../../arm-none-eabi/lib/armv6-m/libc_nano.a(lib_a-exit.o)
 .ARM.attributes
                0x0000000000000091       0x2c /usr/local/gcc-arm-none-eabi-5_4-2016q3/bin/../lib/gcc/arm-none-eabi/5.4.1/../../../../arm-none-eabi/lib/armv6-m/libc_nano.a(lib_a-impure.o)
 .ARM.attributes
                0x00000000000000bd       0x2c /usr/local/gcc-arm-none-eabi-5_4-2016q3/bin/../lib/gcc/arm-none-eabi/5.4.1/../../../../arm-none-eabi/lib/armv6-m/libc_nano.a(lib_a-init.o)
 .ARM.attributes
                0x00000000000000e9       0x2c /usr/local/gcc-arm-none-eabi-5_4-2016q3/bin/../lib/gcc/arm-none-eabi/5.4.1/../../../../arm-none-eabi/lib/armv6-m/libc_nano.a(lib_a-memset.o)
 .ARM.attributes
                0x0000000000000115       0x2c /usr/local/gcc-arm-none-eabi-5_4-2016q3/bin/../lib/gcc/arm-none-eabi/5.4.1/../../../../arm-none-eabi/lib/armv6-m/libnosys.a(_exit.o)
 .ARM.attributes
                0x0000000000000141       0x31 _build/NRF51822_XXAA_app_button.c.o
 .ARM.attributes
                0x0000000000000172       0x31 _build/NRF51822_XXAA_app_error.c.o
 .ARM.attributes
                0x00000000000001a3       0x31 _build/NRF51822_XXAA_app_error_weak.c.o
 .ARM.attributes
                0x00000000000001d4       0x31 _build/NRF51822_XXAA_app_timer.c.o
 .ARM.attributes
                0x0000000000000205       0x31 _build/NRF51822_XXAA_app_util_platform.c.o
 .ARM.attributes
                0x0000000000000236       0x31 _build/NRF51822_XXAA_boards.c.o
 .ARM.attributes
                0x0000000000000267       0x31 _build/NRF51822_XXAA_nrf_drv_clock.c.o
 .ARM.attributes
                0x0000000000000298       0x31 _build/NRF51822_XXAA_nrf_drv_common.c.o
 .ARM.attributes
                0x00000000000002c9       0x31 _build/NRF51822_XXAA_nrf_drv_gpiote.c.o
 .ARM.attributes
                0x00000000000002fa       0x31 _build/NRF51822_XXAA_nrf_drv_uart.c.o
 .ARM.attributes
                0x000000000000032b       0x31 _build/NRF51822_XXAA_main.c.o
 .ARM.attributes
                0x000000000000035c       0x31 _build/NRF51822_XXAA_ble_advdata.c.o
 .ARM.attributes
                0x000000000000038d       0x31 _build/NRF51822_XXAA_ble_conn_params.c.o
 .ARM.attributes
                0x00000000000003be       0x31 _build/NRF51822_XXAA_ble_srv_common.c.o
 .ARM.attributes
                0x00000000000003ef       0x1b _build/NRF51822_XXAA_gcc_startup_nrf51.S.o
 .ARM.attributes
                0x000000000000040a       0x31 _build/NRF51822_XXAA_system_nrf51.c.o
 .ARM.attributes
                0x000000000000043b       0x31 _build/NRF51822_XXAA_ble_lbs.c.o
 .ARM.attributes
                0x000000000000046c       0x31 _build/NRF51822_XXAA_softdevice_handler.c.o
 .ARM.attributes
                0x000000000000049d       0x2c /usr/local/gcc-arm-none-eabi-5_4-2016q3/bin/../lib/gcc/arm-none-eabi/5.4.1/../../../../arm-none-eabi/lib/armv6-m/libc_nano.a(lib_a-memcpy-stub.o)
 .ARM.attributes
                0x00000000000004c9       0x1c /usr/local/gcc-arm-none-eabi-5_4-2016q3/bin/../lib/gcc/arm-none-eabi/5.4.1/../../../../arm-none-eabi/lib/armv6-m/libc_nano.a(lib_a-strlen.o)
 .ARM.attributes
                0x00000000000004e5       0x2c /usr/local/gcc-arm-none-eabi-5_4-2016q3/bin/../lib/gcc/arm-none-eabi/5.4.1/armv6-m/crtend.o
 .ARM.attributes
                0x0000000000000511       0x1e /usr/local/gcc-arm-none-eabi-5_4-2016q3/bin/../lib/gcc/arm-none-eabi/5.4.1/armv6-m/crtn.o

.comment        0x0000000000000000       0x6e
 .comment       0x0000000000000000       0x6e _build/NRF51822_XXAA_app_button.c.o
                                         0x6f (size before relaxing)
 .comment       0x000000000000006e       0x6f _build/NRF51822_XXAA_app_error.c.o
 .comment       0x000000000000006e       0x6f _build/NRF51822_XXAA_app_error_weak.c.o
 .comment       0x000000000000006e       0x6f _build/NRF51822_XXAA_app_timer.c.o
 .comment       0x000000000000006e       0x6f _build/NRF51822_XXAA_app_util_platform.c.o
 .comment       0x000000000000006e       0x6f _build/NRF51822_XXAA_boards.c.o
 .comment       0x000000000000006e       0x6f _build/NRF51822_XXAA_nrf_drv_clock.c.o
 .comment       0x000000000000006e       0x6f _build/NRF51822_XXAA_nrf_drv_common.c.o
 .comment       0x000000000000006e       0x6f _build/NRF51822_XXAA_nrf_drv_gpiote.c.o
 .comment       0x000000000000006e       0x6f _build/NRF51822_XXAA_nrf_drv_uart.c.o
 .comment       0x000000000000006e       0x6f _build/NRF51822_XXAA_main.c.o
 .comment       0x000000000000006e       0x6f _build/NRF51822_XXAA_ble_advdata.c.o
 .comment       0x000000000000006e       0x6f _build/NRF51822_XXAA_ble_conn_params.c.o
 .comment       0x000000000000006e       0x6f _build/NRF51822_XXAA_ble_srv_common.c.o
 .comment       0x000000000000006e       0x6f _build/NRF51822_XXAA_system_nrf51.c.o
 .comment       0x000000000000006e       0x6f _build/NRF51822_XXAA_ble_lbs.c.o
 .comment       0x000000000000006e       0x6f _build/NRF51822_XXAA_softdevice_handler.c.o

.debug_frame    0x0000000000000000     0x106c
 .debug_frame   0x0000000000000000       0x28 /usr/local/gcc-arm-none-eabi-5_4-2016q3/bin/../lib/gcc/arm-none-eabi/5.4.1/../../../../arm-none-eabi/lib/armv6-m/libc_nano.a(lib_a-exit.o)
 .debug_frame   0x0000000000000028       0x2c /usr/local/gcc-arm-none-eabi-5_4-2016q3/bin/../lib/gcc/arm-none-eabi/5.4.1/../../../../arm-none-eabi/lib/armv6-m/libc_nano.a(lib_a-init.o)
 .debug_frame   0x0000000000000054       0x20 /usr/local/gcc-arm-none-eabi-5_4-2016q3/bin/../lib/gcc/arm-none-eabi/5.4.1/../../../../arm-none-eabi/lib/armv6-m/libc_nano.a(lib_a-memset.o)
 .debug_frame   0x0000000000000074       0x20 /usr/local/gcc-arm-none-eabi-5_4-2016q3/bin/../lib/gcc/arm-none-eabi/5.4.1/../../../../arm-none-eabi/lib/armv6-m/libnosys.a(_exit.o)
 .debug_frame   0x0000000000000094       0xd0 _build/NRF51822_XXAA_app_button.c.o
 .debug_frame   0x0000000000000164       0x5c _build/NRF51822_XXAA_app_error.c.o
 .debug_frame   0x00000000000001c0       0x20 _build/NRF51822_XXAA_app_error_weak.c.o
 .debug_frame   0x00000000000001e0      0x128 _build/NRF51822_XXAA_app_timer.c.o
 .debug_frame   0x0000000000000308       0x68 _build/NRF51822_XXAA_app_util_platform.c.o
 .debug_frame   0x0000000000000370       0xe8 _build/NRF51822_XXAA_boards.c.o
 .debug_frame   0x0000000000000458      0x1c0 _build/NRF51822_XXAA_nrf_drv_clock.c.o
 .debug_frame   0x0000000000000618       0x40 _build/NRF51822_XXAA_nrf_drv_common.c.o
 .debug_frame   0x0000000000000658      0x204 _build/NRF51822_XXAA_nrf_drv_gpiote.c.o
 .debug_frame   0x000000000000085c      0x150 _build/NRF51822_XXAA_nrf_drv_uart.c.o
 .debug_frame   0x00000000000009ac      0x158 _build/NRF51822_XXAA_main.c.o
 .debug_frame   0x0000000000000b04       0xe4 _build/NRF51822_XXAA_ble_advdata.c.o
 .debug_frame   0x0000000000000be8       0xf4 _build/NRF51822_XXAA_ble_conn_params.c.o
 .debug_frame   0x0000000000000cdc       0xcc _build/NRF51822_XXAA_ble_srv_common.c.o
 .debug_frame   0x0000000000000da8       0x30 _build/NRF51822_XXAA_system_nrf51.c.o
 .debug_frame   0x0000000000000dd8       0xb4 _build/NRF51822_XXAA_ble_lbs.c.o
 .debug_frame   0x0000000000000e8c      0x1b8 _build/NRF51822_XXAA_softdevice_handler.c.o
 .debug_frame   0x0000000000001044       0x28 /usr/local/gcc-arm-none-eabi-5_4-2016q3/bin/../lib/gcc/arm-none-eabi/5.4.1/../../../../arm-none-eabi/lib/armv6-m/libc_nano.a(lib_a-memcpy-stub.o)

.debug_info     0x0000000000000000    0x1591d
 .debug_info    0x0000000000000000      0x5f4 _build/NRF51822_XXAA_app_button.c.o
 .debug_info    0x00000000000005f4      0x328 _build/NRF51822_XXAA_app_error.c.o
 .debug_info    0x000000000000091c      0x1f3 _build/NRF51822_XXAA_app_error_weak.c.o
 .debug_info    0x0000000000000b0f     0x1a55 _build/NRF51822_XXAA_app_timer.c.o
 .debug_info    0x0000000000002564      0x53f _build/NRF51822_XXAA_app_util_platform.c.o
 .debug_info    0x0000000000002aa3      0xbcd _build/NRF51822_XXAA_boards.c.o
 .debug_info    0x0000000000003670     0x1643 _build/NRF51822_XXAA_nrf_drv_clock.c.o
 .debug_info    0x0000000000004cb3      0x508 _build/NRF51822_XXAA_nrf_drv_common.c.o
 .debug_info    0x00000000000051bb     0x24e6 _build/NRF51822_XXAA_nrf_drv_gpiote.c.o
 .debug_info    0x00000000000076a1     0x2ac4 _build/NRF51822_XXAA_nrf_drv_uart.c.o
 .debug_info    0x000000000000a165     0x3231 _build/NRF51822_XXAA_main.c.o
 .debug_info    0x000000000000d396     0x1b03 _build/NRF51822_XXAA_ble_advdata.c.o
 .debug_info    0x000000000000ee99     0x1bb6 _build/NRF51822_XXAA_ble_conn_params.c.o
 .debug_info    0x0000000000010a4f      0xc66 _build/NRF51822_XXAA_ble_srv_common.c.o
 .debug_info    0x00000000000116b5      0x1e2 _build/NRF51822_XXAA_system_nrf51.c.o
 .debug_info    0x0000000000011897     0x1d5a _build/NRF51822_XXAA_ble_lbs.c.o
 .debug_info    0x00000000000135f1     0x232c _build/NRF51822_XXAA_softdevice_handler.c.o

.debug_abbrev   0x0000000000000000     0x30f6
 .debug_abbrev  0x0000000000000000      0x1bb _build/NRF51822_XXAA_app_button.c.o
 .debug_abbrev  0x00000000000001bb      0x129 _build/NRF51822_XXAA_app_error.c.o
 .debug_abbrev  0x00000000000002e4      0x11a _build/NRF51822_XXAA_app_error_weak.c.o
 .debug_abbrev  0x00000000000003fe      0x3f7 _build/NRF51822_XXAA_app_timer.c.o
 .debug_abbrev  0x00000000000007f5      0x227 _build/NRF51822_XXAA_app_util_platform.c.o
 .debug_abbrev  0x0000000000000a1c      0x25a _build/NRF51822_XXAA_boards.c.o
 .debug_abbrev  0x0000000000000c76      0x475 _build/NRF51822_XXAA_nrf_drv_clock.c.o
 .debug_abbrev  0x00000000000010eb      0x1a2 _build/NRF51822_XXAA_nrf_drv_common.c.o
 .debug_abbrev  0x000000000000128d      0x445 _build/NRF51822_XXAA_nrf_drv_gpiote.c.o
 .debug_abbrev  0x00000000000016d2      0x3ba _build/NRF51822_XXAA_nrf_drv_uart.c.o
 .debug_abbrev  0x0000000000001a8c      0x3f7 _build/NRF51822_XXAA_main.c.o
 .debug_abbrev  0x0000000000001e83      0x33a _build/NRF51822_XXAA_ble_advdata.c.o
 .debug_abbrev  0x00000000000021bd      0x3fe _build/NRF51822_XXAA_ble_conn_params.c.o
 .debug_abbrev  0x00000000000025bb      0x237 _build/NRF51822_XXAA_ble_srv_common.c.o
 .debug_abbrev  0x00000000000027f2       0xfe _build/NRF51822_XXAA_system_nrf51.c.o
 .debug_abbrev  0x00000000000028f0      0x316 _build/NRF51822_XXAA_ble_lbs.c.o
 .debug_abbrev  0x0000000000002c06      0x4f0 _build/NRF51822_XXAA_softdevice_handler.c.o

.debug_loc      0x0000000000000000     0x8953
 .debug_loc     0x0000000000000000      0x3b5 _build/NRF51822_XXAA_app_button.c.o
 .debug_loc     0x00000000000003b5      0x149 _build/NRF51822_XXAA_app_error.c.o
 .debug_loc     0x00000000000004fe       0x21 _build/NRF51822_XXAA_app_error_weak.c.o
 .debug_loc     0x000000000000051f      0xf2c _build/NRF51822_XXAA_app_timer.c.o
 .debug_loc     0x000000000000144b       0x44 _build/NRF51822_XXAA_app_util_platform.c.o
 .debug_loc     0x000000000000148f      0x90d _build/NRF51822_XXAA_boards.c.o
 .debug_loc     0x0000000000001d9c      0x514 _build/NRF51822_XXAA_nrf_drv_clock.c.o
 .debug_loc     0x00000000000022b0       0xb6 _build/NRF51822_XXAA_nrf_drv_common.c.o
 .debug_loc     0x0000000000002366     0x1e82 _build/NRF51822_XXAA_nrf_drv_gpiote.c.o
 .debug_loc     0x00000000000041e8     0x1735 _build/NRF51822_XXAA_nrf_drv_uart.c.o
 .debug_loc     0x000000000000591d      0x6b4 _build/NRF51822_XXAA_main.c.o
 .debug_loc     0x0000000000005fd1     0x1947 _build/NRF51822_XXAA_ble_advdata.c.o
 .debug_loc     0x0000000000007918      0x36d _build/NRF51822_XXAA_ble_conn_params.c.o
 .debug_loc     0x0000000000007c85      0x403 _build/NRF51822_XXAA_ble_srv_common.c.o
 .debug_loc     0x0000000000008088      0x2d4 _build/NRF51822_XXAA_ble_lbs.c.o
 .debug_loc     0x000000000000835c      0x5f7 _build/NRF51822_XXAA_softdevice_handler.c.o

.debug_aranges  0x0000000000000000      0x690
 .debug_aranges
                0x0000000000000000       0x48 _build/NRF51822_XXAA_app_button.c.o
 .debug_aranges
                0x0000000000000048       0x30 _build/NRF51822_XXAA_app_error.c.o
 .debug_aranges
                0x0000000000000078       0x20 _build/NRF51822_XXAA_app_error_weak.c.o
 .debug_aranges
                0x0000000000000098       0x60 _build/NRF51822_XXAA_app_timer.c.o
 .debug_aranges
                0x00000000000000f8       0x38 _build/NRF51822_XXAA_app_util_platform.c.o
 .debug_aranges
                0x0000000000000130       0x80 _build/NRF51822_XXAA_boards.c.o
 .debug_aranges
                0x00000000000001b0       0xb0 _build/NRF51822_XXAA_nrf_drv_clock.c.o
 .debug_aranges
                0x0000000000000260       0x28 _build/NRF51822_XXAA_nrf_drv_common.c.o
 .debug_aranges
                0x0000000000000288       0xb8 _build/NRF51822_XXAA_nrf_drv_gpiote.c.o
 .debug_aranges
                0x0000000000000340       0x70 _build/NRF51822_XXAA_nrf_drv_uart.c.o
 .debug_aranges
                0x00000000000003b0       0x98 _build/NRF51822_XXAA_main.c.o
 .debug_aranges
                0x0000000000000448       0x58 _build/NRF51822_XXAA_ble_advdata.c.o
 .debug_aranges
                0x00000000000004a0       0x68 _build/NRF51822_XXAA_ble_conn_params.c.o
 .debug_aranges
                0x0000000000000508       0x58 _build/NRF51822_XXAA_ble_srv_common.c.o
 .debug_aranges
                0x0000000000000560       0x28 _build/NRF51822_XXAA_system_nrf51.c.o
 .debug_aranges
                0x0000000000000588       0x50 _build/NRF51822_XXAA_ble_lbs.c.o
 .debug_aranges
                0x00000000000005d8       0xb8 _build/NRF51822_XXAA_softdevice_handler.c.o

.debug_ranges   0x0000000000000000     0x21b8
 .debug_ranges  0x0000000000000000       0x98 _build/NRF51822_XXAA_app_button.c.o
 .debug_ranges  0x0000000000000098       0x20 _build/NRF51822_XXAA_app_error.c.o
 .debug_ranges  0x00000000000000b8       0x10 _build/NRF51822_XXAA_app_error_weak.c.o
 .debug_ranges  0x00000000000000c8      0x548 _build/NRF51822_XXAA_app_timer.c.o
 .debug_ranges  0x0000000000000610       0x40 _build/NRF51822_XXAA_app_util_platform.c.o
 .debug_ranges  0x0000000000000650       0xf0 _build/NRF51822_XXAA_boards.c.o
 .debug_ranges  0x0000000000000740      0x380 _build/NRF51822_XXAA_nrf_drv_clock.c.o
 .debug_ranges  0x0000000000000ac0       0x48 _build/NRF51822_XXAA_nrf_drv_common.c.o
 .debug_ranges  0x0000000000000b08      0x9b0 _build/NRF51822_XXAA_nrf_drv_gpiote.c.o
 .debug_ranges  0x00000000000014b8      0x520 _build/NRF51822_XXAA_nrf_drv_uart.c.o
 .debug_ranges  0x00000000000019d8       0xd8 _build/NRF51822_XXAA_main.c.o
 .debug_ranges  0x0000000000001ab0      0x2b0 _build/NRF51822_XXAA_ble_advdata.c.o
 .debug_ranges  0x0000000000001d60       0xb8 _build/NRF51822_XXAA_ble_conn_params.c.o
 .debug_ranges  0x0000000000001e18      0x128 _build/NRF51822_XXAA_ble_srv_common.c.o
 .debug_ranges  0x0000000000001f40       0x68 _build/NRF51822_XXAA_system_nrf51.c.o
 .debug_ranges  0x0000000000001fa8       0x40 _build/NRF51822_XXAA_ble_lbs.c.o
 .debug_ranges  0x0000000000001fe8      0x1d0 _build/NRF51822_XXAA_softdevice_handler.c.o

.debug_macro    0x0000000000000000     0x5edb
 .debug_macro   0x0000000000000000      0x2f0 _build/NRF51822_XXAA_app_button.c.o
 .debug_macro   0x00000000000002f0       0x1c _build/NRF51822_XXAA_app_button.c.o
 .debug_macro   0x000000000000030c       0x10 _build/NRF51822_XXAA_app_button.c.o
 .debug_macro   0x000000000000031c       0x10 _build/NRF51822_XXAA_app_button.c.o
 .debug_macro   0x000000000000032c       0xb6 _build/NRF51822_XXAA_app_button.c.o
 .debug_macro   0x00000000000003e2       0x16 _build/NRF51822_XXAA_app_button.c.o
 .debug_macro   0x00000000000003f8      0x145 _build/NRF51822_XXAA_app_button.c.o
 .debug_macro   0x000000000000053d       0x2b _build/NRF51822_XXAA_app_button.c.o
 .debug_macro   0x0000000000000568      0x168 _build/NRF51822_XXAA_app_button.c.o
 .debug_macro   0x00000000000006d0       0x10 _build/NRF51822_XXAA_app_button.c.o
 .debug_macro   0x00000000000006e0       0x16 _build/NRF51822_XXAA_app_button.c.o
 .debug_macro   0x00000000000006f6       0x22 _build/NRF51822_XXAA_app_button.c.o
 .debug_macro   0x0000000000000718       0x16 _build/NRF51822_XXAA_app_button.c.o
 .debug_macro   0x000000000000072e       0x1c _build/NRF51822_XXAA_app_button.c.o
 .debug_macro   0x000000000000074a       0x36 _build/NRF51822_XXAA_app_button.c.o
 .debug_macro   0x0000000000000780       0x11 _build/NRF51822_XXAA_app_button.c.o
 .debug_macro   0x0000000000000791       0x30 _build/NRF51822_XXAA_app_button.c.o
 .debug_macro   0x00000000000007c1      0x285 _build/NRF51822_XXAA_app_error.c.o
 .debug_macro   0x0000000000000a46       0x34 _build/NRF51822_XXAA_app_error.c.o
 .debug_macro   0x0000000000000a7a       0x22 _build/NRF51822_XXAA_app_error.c.o
 .debug_macro   0x0000000000000a9c       0x16 _build/NRF51822_XXAA_app_error.c.o
 .debug_macro   0x0000000000000ab2       0x97 _build/NRF51822_XXAA_app_error.c.o
 .debug_macro   0x0000000000000b49       0xf6 _build/NRF51822_XXAA_app_error.c.o
 .debug_macro   0x0000000000000c3f       0x22 _build/NRF51822_XXAA_app_error.c.o
 .debug_macro   0x0000000000000c61       0x16 _build/NRF51822_XXAA_app_error.c.o
 .debug_macro   0x0000000000000c77      0x39b _build/NRF51822_XXAA_app_error.c.o
 .debug_macro   0x0000000000001012      0x170 _build/NRF51822_XXAA_app_error.c.o
 .debug_macro   0x0000000000001182       0x5a _build/NRF51822_XXAA_app_error.c.o
 .debug_macro   0x00000000000011dc       0x28 _build/NRF51822_XXAA_app_error.c.o
 .debug_macro   0x0000000000001204       0x22 _build/NRF51822_XXAA_app_error.c.o
 .debug_macro   0x0000000000001226      0x285 _build/NRF51822_XXAA_app_error_weak.c.o
 .debug_macro   0x00000000000014ab       0x1c _build/NRF51822_XXAA_app_error_weak.c.o
 .debug_macro   0x00000000000014c7      0x31c _build/NRF51822_XXAA_app_timer.c.o
 .debug_macro   0x00000000000017e3       0x16 _build/NRF51822_XXAA_app_timer.c.o
 .debug_macro   0x00000000000017f9       0x40 _build/NRF51822_XXAA_app_timer.c.o
 .debug_macro   0x0000000000001839       0x64 _build/NRF51822_XXAA_app_timer.c.o
 .debug_macro   0x000000000000189d       0x10 _build/NRF51822_XXAA_app_timer.c.o
 .debug_macro   0x00000000000018ad       0x22 _build/NRF51822_XXAA_app_timer.c.o
 .debug_macro   0x00000000000018cf       0x72 _build/NRF51822_XXAA_app_timer.c.o
 .debug_macro   0x0000000000001941      0x258 _build/NRF51822_XXAA_app_util_platform.c.o
 .debug_macro   0x0000000000001b99      0x27c _build/NRF51822_XXAA_boards.c.o
 .debug_macro   0x0000000000001e15      0x246 _build/NRF51822_XXAA_boards.c.o
 .debug_macro   0x000000000000205b      0x115 _build/NRF51822_XXAA_boards.c.o
 .debug_macro   0x0000000000002170      0x416 _build/NRF51822_XXAA_nrf_drv_clock.c.o
 .debug_macro   0x0000000000002586       0x10 _build/NRF51822_XXAA_nrf_drv_clock.c.o
 .debug_macro   0x0000000000002596       0x28 _build/NRF51822_XXAA_nrf_drv_clock.c.o
 .debug_macro   0x00000000000025be       0x1c _build/NRF51822_XXAA_nrf_drv_clock.c.o
 .debug_macro   0x00000000000025da       0x8f _build/NRF51822_XXAA_nrf_drv_clock.c.o
 .debug_macro   0x0000000000002669       0xd6 _build/NRF51822_XXAA_nrf_drv_clock.c.o
 .debug_macro   0x000000000000273f      0x1fb _build/NRF51822_XXAA_nrf_drv_clock.c.o
 .debug_macro   0x000000000000293a      0x3fa _build/NRF51822_XXAA_nrf_drv_clock.c.o
 .debug_macro   0x0000000000002d34       0x40 _build/NRF51822_XXAA_nrf_drv_clock.c.o
 .debug_macro   0x0000000000002d74       0x22 _build/NRF51822_XXAA_nrf_drv_clock.c.o
 .debug_macro   0x0000000000002d96      0x201 _build/NRF51822_XXAA_nrf_drv_clock.c.o
 .debug_macro   0x0000000000002f97       0x1c _build/NRF51822_XXAA_nrf_drv_clock.c.o
 .debug_macro   0x0000000000002fb3       0xdb _build/NRF51822_XXAA_nrf_drv_clock.c.o
 .debug_macro   0x000000000000308e       0x24 _build/NRF51822_XXAA_nrf_drv_clock.c.o
 .debug_macro   0x00000000000030b2       0x16 _build/NRF51822_XXAA_nrf_drv_clock.c.o
 .debug_macro   0x00000000000030c8       0x10 _build/NRF51822_XXAA_nrf_drv_clock.c.o
 .debug_macro   0x00000000000030d8      0x18a _build/NRF51822_XXAA_nrf_drv_clock.c.o
 .debug_macro   0x0000000000003262       0x1c _build/NRF51822_XXAA_nrf_drv_clock.c.o
 .debug_macro   0x000000000000327e       0x16 _build/NRF51822_XXAA_nrf_drv_clock.c.o
 .debug_macro   0x0000000000003294      0x176 _build/NRF51822_XXAA_nrf_drv_clock.c.o
 .debug_macro   0x000000000000340a      0x2c2 _build/NRF51822_XXAA_nrf_drv_common.c.o
 .debug_macro   0x00000000000036cc       0x22 _build/NRF51822_XXAA_nrf_drv_common.c.o
 .debug_macro   0x00000000000036ee      0x398 _build/NRF51822_XXAA_nrf_drv_gpiote.c.o
 .debug_macro   0x0000000000003a86       0x16 _build/NRF51822_XXAA_nrf_drv_gpiote.c.o
 .debug_macro   0x0000000000003a9c      0x37d _build/NRF51822_XXAA_nrf_drv_uart.c.o
 .debug_macro   0x0000000000003e19       0x10 _build/NRF51822_XXAA_nrf_drv_uart.c.o
 .debug_macro   0x0000000000003e29       0x36 _build/NRF51822_XXAA_nrf_drv_uart.c.o
 .debug_macro   0x0000000000003e5f      0x4cc _build/NRF51822_XXAA_main.c.o
 .debug_macro   0x000000000000432b      0x3f4 _build/NRF51822_XXAA_main.c.o
 .debug_macro   0x000000000000471f       0x3a _build/NRF51822_XXAA_main.c.o
 .debug_macro   0x0000000000004759       0xa6 _build/NRF51822_XXAA_main.c.o
 .debug_macro   0x00000000000047ff      0x2ea _build/NRF51822_XXAA_main.c.o
 .debug_macro   0x0000000000004ae9       0x6a _build/NRF51822_XXAA_main.c.o
 .debug_macro   0x0000000000004b53       0x46 _build/NRF51822_XXAA_main.c.o
 .debug_macro   0x0000000000004b99       0x1c _build/NRF51822_XXAA_main.c.o
 .debug_macro   0x0000000000004bb5       0x3c _build/NRF51822_XXAA_main.c.o
 .debug_macro   0x0000000000004bf1       0x22 _build/NRF51822_XXAA_main.c.o
 .debug_macro   0x0000000000004c13       0x2e _build/NRF51822_XXAA_main.c.o
 .debug_macro   0x0000000000004c41      0x28c _build/NRF51822_XXAA_ble_advdata.c.o
 .debug_macro   0x0000000000004ecd       0x64 _build/NRF51822_XXAA_ble_advdata.c.o
 .debug_macro   0x0000000000004f31      0x2f1 _build/NRF51822_XXAA_ble_conn_params.c.o
 .debug_macro   0x0000000000005222      0x10e _build/NRF51822_XXAA_ble_conn_params.c.o
 .debug_macro   0x0000000000005330       0x86 _build/NRF51822_XXAA_ble_conn_params.c.o
 .debug_macro   0x00000000000053b6      0x2c1 _build/NRF51822_XXAA_ble_srv_common.c.o
 .debug_macro   0x0000000000005677       0xdf _build/NRF51822_XXAA_system_nrf51.c.o
 .debug_macro   0x0000000000005756      0x280 _build/NRF51822_XXAA_ble_lbs.c.o
 .debug_macro   0x00000000000059d6       0x1c _build/NRF51822_XXAA_ble_lbs.c.o
 .debug_macro   0x00000000000059f2      0x3ee _build/NRF51822_XXAA_softdevice_handler.c.o
 .debug_macro   0x0000000000005de0       0x4c _build/NRF51822_XXAA_softdevice_handler.c.o
 .debug_macro   0x0000000000005e2c       0x55 _build/NRF51822_XXAA_softdevice_handler.c.o
 .debug_macro   0x0000000000005e81       0x4a _build/NRF51822_XXAA_softdevice_handler.c.o
 .debug_macro   0x0000000000005ecb       0x10 _build/NRF51822_XXAA_softdevice_handler.c.o

.debug_line     0x0000000000000000     0x8dd3
 .debug_line    0x0000000000000000      0x701 _build/NRF51822_XXAA_app_button.c.o
 .debug_line    0x0000000000000701      0x5c1 _build/NRF51822_XXAA_app_error.c.o
 .debug_line    0x0000000000000cc2      0x57f _build/NRF51822_XXAA_app_error_weak.c.o
 .debug_line    0x0000000000001241      0xa6d _build/NRF51822_XXAA_app_timer.c.o
 .debug_line    0x0000000000001cae      0x562 _build/NRF51822_XXAA_app_util_platform.c.o
 .debug_line    0x0000000000002210      0x6cb _build/NRF51822_XXAA_boards.c.o
 .debug_line    0x00000000000028db      0xbda _build/NRF51822_XXAA_nrf_drv_clock.c.o
 .debug_line    0x00000000000034b5      0x60e _build/NRF51822_XXAA_nrf_drv_common.c.o
 .debug_line    0x0000000000003ac3      0xfc7 _build/NRF51822_XXAA_nrf_drv_gpiote.c.o
 .debug_line    0x0000000000004a8a      0xd0b _build/NRF51822_XXAA_nrf_drv_uart.c.o
 .debug_line    0x0000000000005795      0xaf4 _build/NRF51822_XXAA_main.c.o
 .debug_line    0x0000000000006289      0x923 _build/NRF51822_XXAA_ble_advdata.c.o
 .debug_line    0x0000000000006bac      0x70e _build/NRF51822_XXAA_ble_conn_params.c.o
 .debug_line    0x00000000000072ba      0x6fb _build/NRF51822_XXAA_ble_srv_common.c.o
 .debug_line    0x00000000000079b5      0x32f _build/NRF51822_XXAA_system_nrf51.c.o
 .debug_line    0x0000000000007ce4      0x68b _build/NRF51822_XXAA_ble_lbs.c.o
 .debug_line    0x000000000000836f      0xa64 _build/NRF51822_XXAA_softdevice_handler.c.o

.debug_str      0x0000000000000000    0x448e8
 .debug_str     0x0000000000000000    0x32d44 _build/NRF51822_XXAA_app_button.c.o
                                      0x33028 (size before relaxing)
 .debug_str     0x0000000000032d44     0x19a3 _build/NRF51822_XXAA_app_error.c.o
                                      0x33838 (size before relaxing)
 .debug_str     0x00000000000346e7       0xae _build/NRF51822_XXAA_app_error_weak.c.o
                                      0x33785 (size before relaxing)
 .debug_str     0x0000000000034795     0x158f _build/NRF51822_XXAA_app_timer.c.o
                                      0x339fd (size before relaxing)
 .debug_str     0x0000000000035d24      0x129 _build/NRF51822_XXAA_app_util_platform.c.o
                                      0x2f879 (size before relaxing)
 .debug_str     0x0000000000035e4d     0x130e _build/NRF51822_XXAA_boards.c.o
                                      0x30302 (size before relaxing)
 .debug_str     0x000000000003715b     0x6abb _build/NRF51822_XXAA_nrf_drv_clock.c.o
                                      0x3afa9 (size before relaxing)
 .debug_str     0x000000000003dc16       0x5c _build/NRF51822_XXAA_nrf_drv_common.c.o
                                      0x3312d (size before relaxing)
 .debug_str     0x000000000003dc72      0xac3 _build/NRF51822_XXAA_nrf_drv_gpiote.c.o
                                      0x35e65 (size before relaxing)
 .debug_str     0x000000000003e735      0xe83 _build/NRF51822_XXAA_nrf_drv_uart.c.o
                                      0x35c99 (size before relaxing)
 .debug_str     0x000000000003f5b8     0x4146 _build/NRF51822_XXAA_main.c.o
                                      0x3f6d4 (size before relaxing)
 .debug_str     0x00000000000436fe      0x386 _build/NRF51822_XXAA_ble_advdata.c.o
                                      0x371ac (size before relaxing)
 .debug_str     0x0000000000043a84      0x1e7 _build/NRF51822_XXAA_ble_conn_params.c.o
                                      0x38706 (size before relaxing)
 .debug_str     0x0000000000043c6b      0x474 _build/NRF51822_XXAA_ble_srv_common.c.o
                                      0x37123 (size before relaxing)
 .debug_str     0x00000000000440df      0x120 _build/NRF51822_XXAA_system_nrf51.c.o
                                      0x29e74 (size before relaxing)
 .debug_str     0x00000000000441ff       0xff _build/NRF51822_XXAA_ble_lbs.c.o
                                      0x37886 (size before relaxing)
 .debug_str     0x00000000000442fe      0x5ea _build/NRF51822_XXAA_softdevice_handler.c.o
                                      0x3b60f (size before relaxing)
